// StructureMap: map MedicationOverviewMin to IHE MEOW MedicationOverviewLM
// Source : PH4H Logical Model MedicationOverviewMin (with 0..* MedicationTreatmentLineMin)
// Target : IHE Pharmacy MEOW MedicationOverviewLM (1 PatientLM, 0..* MedicationTreatmentLineLM)
// FHIR version: R4 (4.0.1) — logical models from the IHE MEOW r4 branch package.
//
// Style note: Complex datatypes (HumanName, CodeableConcept, Coding, Identifier,
// Period) are FIRST created via create('TypeName') as <alias>, populated, and
// THEN assigned to the target field. This avoids engine errors triggered by
// navigate-then-assign patterns (e.g. `tgt.x as y, y.z = v`) where the sub-element
// doesn't yet exist on the freshly-navigated parent. BackboneElements that are
// part of the parent type's definition (recordingMetadata, comment) keep the
// navigate-into-target pattern `tgt.field as alias then { ... }`.

map "http://smart.who.int/ph4h/StructureMap/MedicationOverviewMinToMedicationOverviewLM" = "MedicationOverviewMinToMedicationOverviewLM"

uses "http://smart.who.int/ph4h/StructureDefinition/MedicationOverviewMin"              alias MedicationOverviewMin       as source
uses "http://smart.who.int/ph4h/StructureDefinition/MedicationTreatmentLineMin"         alias MedicationTreatmentLineMin  as source
uses "https://profiles.ihe.net/PHARM/MEOW/StructureDefinition/MedicationOverviewLM"      alias MedicationOverviewLM        as target
uses "https://profiles.ihe.net/PHARM/MEOW/StructureDefinition/PatientLM"                 alias PatientLM                   as target
uses "https://profiles.ihe.net/PHARM/MEOW/StructureDefinition/MedicationTreatmentLineLM" alias MedicationTreatmentLineLM   as target


// ---------------------------------------------------------------------------
// Top-level group: 1 patient + 0..* medication treatment lines
// ---------------------------------------------------------------------------
group MedicationOverviewMinToMedicationOverviewLM(source src : MedicationOverviewMin, target tgt : MedicationOverviewLM) {
  src       -> tgt.patient                as patient then MedicationOverviewMinToPatientLM(src, patient)                              "patient";
  src.m as line -> tgt.medicationTreatmentLine as tline   then MedicationTreatmentLineMinToMedicationTreatmentLineLM(line, tline)     "treatmentLine";
}


// ---------------------------------------------------------------------------
// MedicationOverviewMin demographic fields -> PatientLM
// ---------------------------------------------------------------------------
group MedicationOverviewMinToPatientLM(source src : MedicationOverviewMin, target tgt : PatientLM) {
  // Name: create HumanName, populate, assign
  src.n as n -> create('HumanName') as hn,
                hn.text  = n,
                tgt.name = hn                                                          "name";

  src.dob as dob -> tgt.dateOfBirth = dob                                              "dateOfBirth";

  // Gender: create Coding, then CodeableConcept wrapping it, assign
  src.s as s -> create('Coding') as gc,
                gc.system = 'http://hl7.org/fhir/administrative-gender',
                gc.code   = s,
                create('CodeableConcept') as g,
                g.coding   = gc,
                tgt.gender = g                                                         "gender";

  // Identifier: create Identifier, populate (+ optional type), assign
  src.id as id -> create('Identifier') as ident then {
    id -> ident.value = id                                                             "identifierValue";

    // Identifier.type: create Coding + CodeableConcept, assign to ident.type
    src.dt as dt -> create('Coding') as tc,
                    tc.code = dt,
                    create('CodeableConcept') as t,
                    t.coding    = tc,
                    ident.type  = t                                                    "identifierType";

    id -> tgt.identifier = ident                                                       "identifierAssign";
  }                                                                                    "identifier";
}


// ---------------------------------------------------------------------------
// One MedicationTreatmentLineMin -> one MedicationTreatmentLineLM
// ---------------------------------------------------------------------------
group MedicationTreatmentLineMinToMedicationTreatmentLineLM(source src : MedicationTreatmentLineMin, target tgt : MedicationTreatmentLineLM) {
  // Medication: create Coding, then CodeableConcept wrapping it, assign
  src.m as med -> create('Coding') as c,
                  c.code    = med,
                  c.display = med,
                  create('CodeableConcept') as cc,
                  cc.coding                    = c,
                  tgt.medication = cc                                   "medication";

  // Effective period: create Period, populate, assign
  // (Period uses .start/.end — NOT .low/.high; those are Range properties.)
  src -> create('Period') as ep then {
    src.es as es -> ep.start = es                                                      "effStart";
    src.ee as ee -> ep.end   = ee                                                      "effEnd";
    src          -> tgt.effectivePeriod = ep                                           "effAssign";
  }                                                                                    "effectivePeriod";

  // recordingMetadata is a BackboneElement defined inline in the LM — navigate.
  src.da as da -> tgt.recordingMetadata as rm then {
    da -> rm.recordedTime = da                                                         "recordedTime";
  }                                                                                    "dateAsserted";

  // Dosage as free text. Route to preparationInstructions (a plain string array)
  // rather than comment.commentText: comment is a BackboneElement with several
  // 1..1 sub-fields (author, date, commentText) that the Min source can't
  // populate, so creating a half-empty comment confuses matchbox's serializer.
  // preparationInstructions is a string field, no nested required structure.
  src.d as d -> tgt.preparationInstructions = d                                        "dosage";

  src.r as r -> tgt.indicationText = r                                                 "reason";

  // Adherence: create Coding, then CodeableConcept wrapping it, assign
  src.a as a -> create('Coding') as tsc,
                tsc.code = a,
                create('CodeableConcept') as ts,
                ts.coding           = tsc,
                tgt.treatmentStatus = ts                                               "adherence";
}
